// Jest Snapshot v1, https://goo.gl/fbAQLP

exports[`Testing Styled Components Menu and Toggle Styled Components are rendering 1`] = `
<button
  className="jeLoYQ"
/>
`;
